0.283572	44.833	-13.906	62.717	296.981	6.25922	190.196	0.973251	0.959158	0.711343
43.1311	22.407	-6.294	26.84	197.711	73.3219	162.289	0.955233	0.895558	0.692667
23.4313	54.789	-16.502	41.513	122.011	347.565	311.631	0.956071	0.880401	0.690782
50.8247	17.706	-2.19	21.551	194.512	316.548	165.488	0.928051	0.847477	0.671767
