0.587538	54.337	-15.824	40.916	310.745	306.661	130.55	0.967748	0.925064	0.7181
23.6743	46.826	-14.752	62.856	148.206	54.2443	31.8558	0.962022	0.867927	0.70562
35.6116	23.191	-7.394	26.636	154.084	319.732	64.2174	0.953313	0.880964	0.70346
42.4965	18.71	-1.611	23.383	180	0	162.495	0.931315	0.856601	0.68836
16.0996	47.064	-16.062	54.719	238.533	17.9306	58.5945	0.910521	0.82018	0.671832
8.07374	59.158	-18.623	46.87	87.4909	333.091	64.0893	0.916276	0.784092	0.668635
43.0697	15.02	-8.549	25.868	78.0863	47.7238	212.833	0.893085	0.699861	0.642862
