No protocol specified
No protocol specified
No protocol specified
No protocol specified
No protocol specified
No protocol specified
Rotation # 1 :: Process 4
Rotation # 1 :: Process 5
Rotation # 1 :: Process 6
Rotation # 1 :: Process 7
Rotation # 1 :: Process 8
Rotation # 1 :: Process 9
Rotation # 1 :: Process 10
Rotation # 1 :: Process 11
Rotation # 1 :: Process 12
Rotation # 1 :: Process 13
Rotation # 1 :: Process 14
Rotation # 1 :: Process 15
Rotation # 1 :: Process 16
Rotation # 1 :: Process 17
Rotation # 1 :: Process 18
Rotation # 1 :: Process 19
Rotation # 1 :: Process 0
Rotation # 1 :: Process 1
Rotation # 1 :: Process 2
Rotation # 1 :: Process 3
Rotation # 2 :: Process 15
Rotation # 2 :: Process 16
Rotation # 2 :: Process 17
Rotation # 2 :: Process 18
Rotation # 2 :: Process 3
Rotation # 2 :: Process 2
Rotation # 2 :: Process 4
Rotation # 2 :: Process 5
Rotation # 2 :: Process 6
Rotation # 2 :: Process 7
Rotation # 2 :: Process 8
Rotation # 2 :: Process 9
Rotation # 2 :: Process 10
Rotation # 2 :: Process 12
Rotation # 2 :: Process 13
Rotation # 2 :: Process 14
Rotation # 2 :: Process 1
Rotation # 2 :: Process 11
Rotation # 2 :: Process 19
Rotation # 2 :: Process 0
Rotation # 3 :: Process 8
Rotation # 3 :: Process 9
Rotation # 3 :: Process 1
Rotation # 3 :: Process 10
Rotation # 3 :: Process 3
Rotation # 3 :: Process 2
Rotation # 3 :: Process 4
Rotation # 3 :: Process 5
Rotation # 3 :: Process 6
Rotation # 3 :: Process 7
Rotation # 3 :: Process 0
Rotation # 3 :: Process 12
Rotation # 3 :: Process 13
Rotation # 3 :: Process 18
Rotation # 3 :: Process 15
Rotation # 3 :: Process 16
Rotation # 3 :: Process 17
Rotation # 3 :: Process 11
Rotation # 3 :: Process 19
Rotation # 3 :: Process 14
Rotation # 4 :: Process 13
Rotation # 4 :: Process 18
Rotation # 4 :: Process 15
Rotation # 4 :: Process 3
Rotation # 4 :: Process 2
Rotation # 4 :: Process 4
Rotation # 4 :: Process 5
Rotation # 4 :: Process 6
Rotation # 4 :: Process 7
Rotation # 4 :: Process 8
Rotation # 4 :: Process 9
Rotation # 4 :: Process 1
Rotation # 4 :: Process 12
Rotation # 4 :: Process 14
Rotation # 4 :: Process 16
Rotation # 4 :: Process 17
Rotation # 4 :: Process 11
Rotation # 4 :: Process 19
Rotation # 4 :: Process 10
Rotation # 4 :: Process 0
Rotation # 5 :: Process 1
Rotation # 5 :: Process 12
Rotation # 5 :: Process 3
Rotation # 5 :: Process 2
Rotation # 5 :: Process 4
Rotation # 5 :: Process 5
Rotation # 5 :: Process 6
Rotation # 5 :: Process 7
Rotation # 5 :: Process 8
Rotation # 5 :: Process 9
Rotation # 5 :: Process 10
Rotation # 5 :: Process 15
Rotation # 5 :: Process 0
Rotation # 5 :: Process 13
Rotation # 5 :: Process 18
Rotation # 5 :: Process 14
Rotation # 5 :: Process 16
Rotation # 5 :: Process 11
Rotation # 5 :: Process 19
Rotation # 5 :: Process 17
Rotation # 6 :: Process 3
Rotation # 6 :: Process 2
Rotation # 6 :: Process 4
Rotation # 6 :: Process 5
Rotation # 6 :: Process 6
Rotation # 6 :: Process 7
Rotation # 6 :: Process 8
Rotation # 6 :: Process 9
Rotation # 6 :: Process 1
Rotation # 6 :: Process 0
Rotation # 6 :: Process 13
Rotation # 6 :: Process 17
Rotation # 6 :: Process 10
Rotation # 6 :: Process 12
Rotation # 6 :: Process 16
Rotation # 6 :: Process 11
Rotation # 6 :: Process 15
Rotation # 6 :: Process 18
Rotation # 6 :: Process 14
Rotation # 6 :: Process 19
Rotation # 7 :: Process 18
Rotation # 7 :: Process 14
Rotation # 7 :: Process 12
Rotation # 7 :: Process 16
Rotation # 7 :: Process 17
Rotation # 7 :: Process 10
Rotation # 7 :: Process 13
Rotation # 7 :: Process 3
Rotation # 7 :: Process 2
Rotation # 7 :: Process 4
Rotation # 7 :: Process 5
Rotation # 7 :: Process 6
Rotation # 7 :: Process 7
Rotation # 7 :: Process 8
Rotation # 7 :: Process 11
Rotation # 7 :: Process 9
Rotation # 7 :: Process 1
Rotation # 7 :: Process 0
Rotation # 7 :: Process 15
Rotation # 7 :: Process 19
Rotation # 8 :: Process 6
Rotation # 8 :: Process 7
Rotation # 8 :: Process 8
Rotation # 8 :: Process 11
Rotation # 8 :: Process 9
Rotation # 8 :: Process 1
Rotation # 8 :: Process 3
Rotation # 8 :: Process 2
Rotation # 8 :: Process 4
Rotation # 8 :: Process 5
Rotation # 8 :: Process 12
Rotation # 8 :: Process 16
Rotation # 8 :: Process 17
Rotation # 8 :: Process 10
Rotation # 8 :: Process 13
Rotation # 8 :: Process 19
Rotation # 8 :: Process 0
Rotation # 8 :: Process 15
Rotation # 8 :: Process 18
Rotation # 8 :: Process 14
Rotation # 9 :: Process 6
Rotation # 9 :: Process 7
Rotation # 9 :: Process 8
Rotation # 9 :: Process 11
Rotation # 9 :: Process 9
Rotation # 9 :: Process 19
Rotation # 9 :: Process 14
Rotation # 9 :: Process 5
Rotation # 9 :: Process 12
Rotation # 9 :: Process 10
Rotation # 9 :: Process 1
Rotation # 9 :: Process 3
Rotation # 9 :: Process 2
Rotation # 9 :: Process 4
Rotation # 9 :: Process 13
Rotation # 9 :: Process 0
Rotation # 9 :: Process 15
Rotation # 9 :: Process 18
Rotation # 9 :: Process 16
Rotation # 9 :: Process 17
Rotation # 10 :: Process 10
Rotation # 10 :: Process 1
Rotation # 10 :: Process 3
Rotation # 10 :: Process 2
Rotation # 10 :: Process 4
Rotation # 10 :: Process 6
Rotation # 10 :: Process 7
Rotation # 10 :: Process 8
Rotation # 10 :: Process 11
Rotation # 10 :: Process 9
Rotation # 10 :: Process 13
Rotation # 10 :: Process 0
Rotation # 10 :: Process 15
Rotation # 10 :: Process 14
Rotation # 10 :: Process 5
Rotation # 10 :: Process 18
Rotation # 10 :: Process 16
Rotation # 10 :: Process 12
Rotation # 10 :: Process 17
Rotation # 10 :: Process 19
